[WILDCARD]
local: [WILDCARD]031_info_ts_error.ts
type: TypeScript
dependencies: 0 unique (total [WILDCARD])
[WILDCARD]031_info_ts_error.ts ([WILDCARD])
