DENO_DIR location: "[WILDCARD]"
Remote modules cache: "[WILDCARD]deps"
Emitted modules cache: "[WILDCARD]gen"
Language server registries cache: "[WILDCARD]registries"
Origin storage: "[WILDCARD]location_data[WILDCARD]"
Local Storage: "[WILDCARD]location_data[WILDCARD]local_storage"
