[WILDCARD]CustomError: custom error
    at [WILDCARD]/error_022_stack_custom_error.ts:[WILDCARD]
error: Uncaught CustomError: custom error
const error = new CustomError();
              ^
    at [WILDCARD]/error_022_stack_custom_error.ts:[WILDCARD]
