[WILDCARD]error: Relative import path "baz" not prefixed with / or ./ or ../
    at [WILDCARD]/type_definitions/bar.d.ts:[WILDCARD]
