{ "0": "stdin", "1": "stdout", "2": "stderr", "5": "fetchResponseBody" }
{ "0": "stdin", "1": "stdout", "2": "stderr" }
