[WILDCARD]
error: The source code is invalid, as it does not match the expected hash in the lock file.
  Specifier: http://127.0.0.1:4545/subdir/subdir2/mod2.ts
  Lock file: lock_check_err_with_bundle.json
