[WILDCARD]
function _applyDecoratedDescriptor(target, property, decorators, descriptor, context) {
[WILDCARD]
new SomeClass[WILDCARD].test();
[WILDCARD]