Error: CompileError: WebAssembly.compile(): expected string length @+10
