error: Failed to parse "fmt" configuration

Caused by:
    unknown field `dont_know_this_field`, expected `options` or `files`
