
test result: ok. 0 passed; 0 failed; 0 ignored; 0 measured; 0 filtered out ([WILDCARD])

error: Uncaught AssertionError: Values are not strictly equal:


    [Diff] Actual / Expected


-   10
+   20

[WILDCARD]