[WILDCARD]
Storage {[WILDCARD]
Storage { length: 1, hello: "deno" }
