[WILDCARD]
test result: ok. [WILDCARD] passed; 0 failed; 0 ignored; 0 measured; 0 filtered out ([WILDCARD])

