Check [WILDCARD]/test/doc_only/mod.ts$2-5.ts
running 0 tests from [WILDCARD]/test/doc_only/mod.ts

test result: ok. 0 passed; 0 failed; 0 ignored; 0 measured; 0 filtered out ([WILDCARD])

