Check [WILDCARD]/testdata/test/ops_sanitizer_unstable.ts
running 2 tests from [WILDCARD]/testdata/test/ops_sanitizer_unstable.ts
test no-op ... ok ([WILDCARD])
test leak interval ... FAILED ([WILDCARD])

failures:

leak interval
AssertionError: Test case is leaking async ops.
Before:
  - dispatched: 1
  - completed: 1
After:
  - dispatched: [WILDCARD]
  - completed: [WILDCARD]
Ops:
  op_sleep:
    Before:
      - dispatched: 1
      - completed: 1
    After:
      - dispatched: [WILDCARD]
      - completed: [WILDCARD]

Make sure to await all promises returned from Deno APIs before
finishing test case.
    at [WILDCARD]

failures:

	leak interval

test result: FAILED. 1 passed; 1 failed; 0 ignored; 0 measured; 0 filtered out ([WILDCARD])

error: Test failed
