error: invalid URL: invalid domain character

Caused by:
    invalid domain character
